----------------------------------------------------------------------------
Script to test error propogation using builtin functions and sub-expressions
----------------------------------------------------------------------------
Value of x=	   1.00000 +/-    0.10000
Value of y=	   2.00000 +/-    0.20000
Value of x1=	   1.00000 +/-    0.10000
Value of x2=	   1.00000 +/-    0.10000
------------------------------------------------------
s:=sin(x)
sin(x)=	   0.84147 +/-    0.05403
s=	   0.84147 +/-    0.05403
sqrt(1-s^2)=	   0.54030 +/-    0.08415
ssq:=s^2
sqrt(1-ssq)=	   0.54030 +/-    0.08415
------------------------------------------------------
tt:=s
tsq:=tt^2
s=    0.84147 +/-    0.05403
ssq=    0.70807 +/-    0.09093
tt=    0.84147 +/-    0.05403
tsq=    0.70807 +/-    0.09093
------------------------------------------------------
c:=cos(x)
cos(x)=	   0.54030 +/-    0.08415
------------------------------------------------------
t:=tan(x)
tan(x)=	   1.55741 +/-    0.34255
t=	   1.55741 +/-    0.34255
------------------------------------------------------
sin(x)/cos(x)=	   1.55741 +/-    0.34255
s/c=	   1.55741 +/-    0.34255
------------------------------------------------------
as:=asin(s);
asin(sin(x))=	   1.00000 +/-    0.10000
asin(s) as a partial var.=	   1.00000 +/-    0.10000
------------------------------------------------------
ac:=acos(c);
acos(cos(x))=	   1.00000 +/-    0.10000
acos(c) as a partial var.=	   1.00000 +/-    0.10000
------------------------------------------------------
at:=atan(t);
atan(tan(x))=	   1.00000 +/-    0.10000
atan(t) as a partial var.=	   1.00000 +/-    0.10000
------------------------------------------------------
sh:=sinh(x)
ch:=cosh(x)
th:=tanh(x)
ash:=asinh(sh)
ach:=acosh(ch)
ath:=atanh(th)
asinh(sinh(x))=	   1.00000 +/-    0.10000
ash=	   1.00000 +/-    0.10000
------------------------------------------------------
acosh(cosh(x))=	   1.00000 +/-    0.10000
ach=	   1.00000 +/-    0.10000
------------------------------------------------------
atanh(tanh(x))=	   1.00000 +/-    0.10000
ath=	   1.00000 +/-    0.10000
------------------------------------------------------
l:=ln(x)
exp(ln(x))=	   1.00000 +/-    0.10000
exp(l)=	   1.00000 +/-    0.10000
------------------------------------------------------
sinh(x)=	   1.17520 +/-    0.15431
sh=	   1.17520 +/-    0.15431
(exp(x)-exp(-x))/2=	   1.17520 +/-    0.15431
e:=exp(x);em:=exp(-x)
e=	   2.71828 +/-    0.27183
em=	   0.36788 +/-    0.03679
(e-em)/2=	   1.17520 +/-    0.15431
------------------------------------------------------
sinh(x)/((exp(x)-exp(-x))/2)=	   1.00000
sh/((e-em)/2)=	   1.00000
------------------------------------------------------
x/exp(ln(x))=   1.00000
x/exp(l)=   1.00000
------------------------------------------------------
y/(1-y) =       -2.000000 +/-         0.200000
y/(-y+1)=       -2.000000 +/-         0.200000
------------------------------------------------------
s2:=sin(x2)
c2:=cos(x2)
sin(x1)*sin(x1)=	   0.70807 +/-    0.09093
s*s=	   0.70807 +/-    0.09093
------------------------------------------------------
sin(x1)*sin(x2)=	   0.70807 +/-    0.06430
s*s2=	   0.70807 +/-    0.06430
------------------------------------------------------
(sin(x1)^2+cos(x1)^2)=	   1.00000
(s^2+c^2)=	   1.00000
------------------------------------------------------
(sin(x1)^2+cos(x1)^2)/(sin(x2)^2+cos(x2)^2)=	   1.00000
(s^2+c^2)/(s2^2+c2^2)=	   1.00000
------------------------------------------------------
sin(x1)^2+cos(x2)^2=	   1.00000 +/-    0.12859
s^2+c2^2=	   1.00000 +/-    0.12859
------------------------------------------------------
sin(x)^cos(x) =    1.04036 +/-    0.05762
Error on the above expression should be =    0.05762 +/-    0.05712
x^y =    8.00000 +/-    2.92017
Error on the above expression should be =    2.92017 +/-    1.14554
------------------------------------------------------
