10pm1+10pm1 =   20.00000 +/-    1.41421
2*10pm1    =   20.00000 +/-    2.00000
x=  10.00000 +/-    1.00000 y:=x =   10.00000 +/-    1.00000
x+x=  20.00000 +/-    2.00000
x+y=  20.00000 +/-    2.00000
f()*g() =  100.00000 +/-   14.14214
