fb(x) = 	   2.00000 +/-    0.20000
Following should have same value and error: 
-------------------------------------------
fd(x) = 	  -0.75680 +/-    0.52291
fd1(x) = 	  -0.75680 +/-    0.52291
sin(fa(x)) = 	  -0.75680 +/-    0.52291
sin(x^2) = 	  -0.75680 +/-    0.52291
fd2(x) = 	  -0.75680 +/-    0.52291
Following should have same value and error: 
-------------------------------------------
x*fd(x) = 	  -1.51360 +/-    1.19719
x*fd1(x) = 	  -1.51360 +/-    1.19719
x*sin(fa(x)) = 	  -1.51360 +/-    1.19719
x*sin(x*x) = 	  -1.51360 +/-    1.19719
Following should have same value as above but different error: 
--------------------------------------------------------------
y*fd1(x) = 	  -1.51360 +/-    1.05673
y*sin(fa(x)) = 	  -1.51360 +/-    1.05673
y*sin(x^2) = 	  -1.51360 +/-    1.05673
x*fd2(x) = 	  -1.51360 +/-    1.05673
Value of f(11) =  330.00000 +/-   11.00000
