/****************************************************************************/
/* Copyright (c) 2000-2017, 2018 S.Bhatnagar                                */
/*                                                                          */
/*  This file is part of fussy.                                             */
/*                                                                          */
/*  fussy is a free software: you can redistribute it and/or modify         */
/*  it under the terms of the GNU General Public License as published by    */
/*  the Free Software Foundation, either version 3 of the License, or       */
/*  (at your option) any later version.                                     */
/*                                                                          */
/*  fussy is distributed in the hope that it will be useful,               */
/*  but WITHOUT ANY WARRANTY; without even the implied warranty of          */
/*  MERCHANTABILITY or FITNESS FOR A PARTICULAR PURPOSE.  See the           */
/*  GNU General Public License for more details.                            */
/*                                                                          */
/*  You should have received a copy of the GNU General Public License       */
/*  along with fussy.  If not, see <https://www.gnu.org/licenses/>.         */
/*                                                                          */
/****************************************************************************/
sin(tx)^cos(tx) =    1.04036 +/-    0.05762
Error in the above expression should be =    0.05762 +/-    0.05712
Error in the above expression should be =    0.05712 +/-    0.03496
tx^ty =    8.00000 +/-    2.92017
Error in the above expression should be =    2.92017 +/-    1.14554
Error in the above expression should be =    1.14554 +/-    0.48978
sin(tx)**cos(ty) =    1.09870 +/-    0.09966
Error in the above expression should be =    0.09966 +/-    0.06193
Error in the above expression should be =    0.06193 +/-    0.02512
