l(1.00  ,3.00   +/- 1.00  )=   -2.00000 +/-    1.00000    1.00000
l(2.00  ,3.00   +/- 1.00  )=   -0.50000 +/-    1.00000    1.00000
l(3.00  ,3.00   +/- 1.00  )=    1.00000 +/-    1.50000    1.50000
l(4.00  ,3.00   +/- 1.00  )=    1.37500 +/-    0.50000    0.50000
l(5.00  ,3.00   +/- 1.00  )=    0.85000 +/-    0.87500    0.87500
l(6.00  ,3.00   +/- 1.00  )=   -0.01250 +/-    1.72500    1.72500
l(7.00  ,3.00   +/- 1.00  )=   -0.74643 +/-    1.71250    1.71250
l(8.00  ,3.00   +/- 1.00  )=   -1.10871 +/-    0.96607    0.96607
l(9.00  ,3.00   +/- 1.00  )=   -1.06116 +/-    0.14263    0.14263
